<?xml version="1.0" encoding="UTF-8"?>
<rss version="2.0">
	<channel>
		<title><![CDATA[Latest posts for the topic "tạo partition 8K"]]></title>
		<link>http://www.hvaonline.net/hvaonline/posts/list/24.html</link>
		<description><![CDATA[Latest messages posted in the topic "tạo partition 8K"]]></description>
		<generator>JForum - http://www.jforum.net</generator>
			<item>
				<title>tạo partition 8K</title>
				<description><![CDATA[ Hi các ACE,

Mình muốn tạo 1 partition 8K để tăng đọc ghi cho file lớn. Mình đã dùng lệnh sau và bị lỗi:

[root@abc ~]# mkfs.ext3 -b 8192 /dev/sdb1
Warning: blocksize 8192 not usable on most systems.
mke2fs 1.39 (29-May-2006)
mkfs.ext3: 8192-byte blocks too big for system (max 4096)
Proceed anyway? (y,n) y
Warning: 8192-byte blocks too big for system (max 4096), forced to continue

Warning: some 2.4 kernels do not support blocksizes greater than 4096
        using ext3.  Use -b 4096 if this is an issue for you.

Filesystem label=
OS type: Linux
Block size=8192 (log=3)
Fragment size=8192 (log=3)
26228608 inodes, 26214059 blocks
1310702 blocks (5.00%) reserved for the super user
First data block=0
Maximum filesystem blocks=4311218176
401 block groups
65528 blocks per group, 65528 fragments per group
65408 inodes per group
Superblock backups stored on blocks:
        65528, 196584, 327640, 458696, 589752, 1638200, 1769256, 3210872,
        5307768, 8191000, 15923304, 22476104

Writing inode tables: done
Creating journal (32768 blocks): done
Writing superblocks and filesystem accounting information: done

This filesystem will be automatically checked every 22 mounts or
180 days, whichever comes first.  Use tune2fs -c or -i to override.
[root@abc ~]# mount -a /dev/sdb1 /u02
mount: wrong fs type, bad option, bad superblock on /dev/sdb1,
       missing codepage or other error
       In some cases useful info is found in syslog - try
       dmesg | tail  or so

Dù đã google nhiều nhưng chưa có cách xử lý mong các anh chị có kinh nghiệm giúp đỡ

Regards,
]]></description>
				<guid isPermaLink="true">http://www.hvaonline.net/hvaonline/posts/list/45251.html#278801</guid>
				<link>http://www.hvaonline.net/hvaonline/posts/list/45251.html#278801</link>
				<pubDate><![CDATA[Fri, 18 Oct 2013 14:14:24]]> GMT</pubDate>
				<author><![CDATA[ soidamientrung]]></author>
			</item>
	</channel>
</rss>
